
Allocating common symbols
Common symbol       size              file

uart1               0x108             ..\obj\main.o
uart3               0x108             ..\obj\main.o
res_table           0xf6              ..\obj\main.o
SET_PAR             0x4               ..\obj\main.o

Discarded input sections

 .text          0x00000000        0x0 ..\obj\stm32f10x_tim.o
 .data          0x00000000        0x0 ..\obj\stm32f10x_tim.o
 .bss           0x00000000        0x0 ..\obj\stm32f10x_tim.o
 .text.TIM_OC1Init
                0x00000000      0x12c ..\obj\stm32f10x_tim.o
 .text.TIM_OC2Init
                0x00000000      0x130 ..\obj\stm32f10x_tim.o
 .text.TIM_OC3Init
                0x00000000      0x12c ..\obj\stm32f10x_tim.o
 .text.TIM_OC4Init
                0x00000000       0xe4 ..\obj\stm32f10x_tim.o
 .text.TIM_ICInit
                0x00000000       0xa8 ..\obj\stm32f10x_tim.o
 .text.TIM_PWMIConfig
                0x00000000       0xc4 ..\obj\stm32f10x_tim.o
 .text.TIM_BDTRConfig
                0x00000000       0x5c ..\obj\stm32f10x_tim.o
 .text.TIM_TimeBaseStructInit
                0x00000000       0x3c ..\obj\stm32f10x_tim.o
 .text.TIM_OCStructInit
                0x00000000       0x54 ..\obj\stm32f10x_tim.o
 .text.TIM_ICStructInit
                0x00000000       0x3c ..\obj\stm32f10x_tim.o
 .text.TIM_BDTRStructInit
                0x00000000       0x4c ..\obj\stm32f10x_tim.o
 .text.TIM_CtrlPWMOutputs
                0x00000000       0x50 ..\obj\stm32f10x_tim.o
 .text.TIM_GenerateEvent
                0x00000000       0x1c ..\obj\stm32f10x_tim.o
 .text.TIM_DMAConfig
                0x00000000       0x2c ..\obj\stm32f10x_tim.o
 .text.TIM_DMACmd
                0x00000000       0x4c ..\obj\stm32f10x_tim.o
 .text.TIM_InternalClockConfig
                0x00000000       0x24 ..\obj\stm32f10x_tim.o
 .text.TIM_ITRxExternalClockConfig
                0x00000000       0x30 ..\obj\stm32f10x_tim.o
 .text.TIM_TIxExternalClockConfig
                0x00000000       0x58 ..\obj\stm32f10x_tim.o
 .text.TIM_ETRClockMode1Config
                0x00000000       0x54 ..\obj\stm32f10x_tim.o
 .text.TIM_ETRClockMode2Config
                0x00000000       0x34 ..\obj\stm32f10x_tim.o
 .text.TIM_ETRConfig
                0x00000000       0x54 ..\obj\stm32f10x_tim.o
 .text.TIM_PrescalerConfig
                0x00000000       0x28 ..\obj\stm32f10x_tim.o
 .text.TIM_CounterModeConfig
                0x00000000       0x3c ..\obj\stm32f10x_tim.o
 .text.TIM_SelectInputTrigger
                0x00000000       0x3c ..\obj\stm32f10x_tim.o
 .text.TIM_EncoderInterfaceConfig
                0x00000000       0x98 ..\obj\stm32f10x_tim.o
 .text.TIM_ForcedOC1Config
                0x00000000       0x3c ..\obj\stm32f10x_tim.o
 .text.TIM_ForcedOC2Config
                0x00000000       0x40 ..\obj\stm32f10x_tim.o
 .text.TIM_ForcedOC3Config
                0x00000000       0x3c ..\obj\stm32f10x_tim.o
 .text.TIM_ForcedOC4Config
                0x00000000       0x40 ..\obj\stm32f10x_tim.o
 .text.TIM_ARRPreloadConfig
                0x00000000       0x40 ..\obj\stm32f10x_tim.o
 .text.TIM_SelectCOM
                0x00000000       0x40 ..\obj\stm32f10x_tim.o
 .text.TIM_SelectCCDMA
                0x00000000       0x40 ..\obj\stm32f10x_tim.o
 .text.TIM_CCPreloadControl
                0x00000000       0x40 ..\obj\stm32f10x_tim.o
 .text.TIM_OC1PreloadConfig
                0x00000000       0x3c ..\obj\stm32f10x_tim.o
 .text.TIM_OC2PreloadConfig
                0x00000000       0x40 ..\obj\stm32f10x_tim.o
 .text.TIM_OC3PreloadConfig
                0x00000000       0x3c ..\obj\stm32f10x_tim.o
 .text.TIM_OC4PreloadConfig
                0x00000000       0x40 ..\obj\stm32f10x_tim.o
 .text.TIM_OC1FastConfig
                0x00000000       0x3c ..\obj\stm32f10x_tim.o
 .text.TIM_OC2FastConfig
                0x00000000       0x40 ..\obj\stm32f10x_tim.o
 .text.TIM_OC3FastConfig
                0x00000000       0x3c ..\obj\stm32f10x_tim.o
 .text.TIM_OC4FastConfig
                0x00000000       0x40 ..\obj\stm32f10x_tim.o
 .text.TIM_ClearOC1Ref
                0x00000000       0x3c ..\obj\stm32f10x_tim.o
 .text.TIM_ClearOC2Ref
                0x00000000       0x44 ..\obj\stm32f10x_tim.o
 .text.TIM_ClearOC3Ref
                0x00000000       0x3c ..\obj\stm32f10x_tim.o
 .text.TIM_ClearOC4Ref
                0x00000000       0x44 ..\obj\stm32f10x_tim.o
 .text.TIM_OC1PolarityConfig
                0x00000000       0x3c ..\obj\stm32f10x_tim.o
 .text.TIM_OC1NPolarityConfig
                0x00000000       0x3c ..\obj\stm32f10x_tim.o
 .text.TIM_OC2PolarityConfig
                0x00000000       0x40 ..\obj\stm32f10x_tim.o
 .text.TIM_OC2NPolarityConfig
                0x00000000       0x40 ..\obj\stm32f10x_tim.o
 .text.TIM_OC3PolarityConfig
                0x00000000       0x40 ..\obj\stm32f10x_tim.o
 .text.TIM_OC3NPolarityConfig
                0x00000000       0x40 ..\obj\stm32f10x_tim.o
 .text.TIM_OC4PolarityConfig
                0x00000000       0x40 ..\obj\stm32f10x_tim.o
 .text.TIM_CCxCmd
                0x00000000       0x60 ..\obj\stm32f10x_tim.o
 .text.TIM_CCxNCmd
                0x00000000       0x60 ..\obj\stm32f10x_tim.o
 .text.TIM_SelectOCxM
                0x00000000       0xc0 ..\obj\stm32f10x_tim.o
 .text.TIM_UpdateDisableConfig
                0x00000000       0x40 ..\obj\stm32f10x_tim.o
 .text.TIM_UpdateRequestConfig
                0x00000000       0x40 ..\obj\stm32f10x_tim.o
 .text.TIM_SelectHallSensor
                0x00000000       0x40 ..\obj\stm32f10x_tim.o
 .text.TIM_SelectOnePulseMode
                0x00000000       0x38 ..\obj\stm32f10x_tim.o
 .text.TIM_SelectOutputTrigger
                0x00000000       0x38 ..\obj\stm32f10x_tim.o
 .text.TIM_SelectSlaveMode
                0x00000000       0x38 ..\obj\stm32f10x_tim.o
 .text.TIM_SelectMasterSlaveMode
                0x00000000       0x38 ..\obj\stm32f10x_tim.o
 .text.TIM_SetCounter
                0x00000000       0x1c ..\obj\stm32f10x_tim.o
 .text.TIM_SetAutoreload
                0x00000000       0x1c ..\obj\stm32f10x_tim.o
 .text.TIM_SetCompare1
                0x00000000       0x1c ..\obj\stm32f10x_tim.o
 .text.TIM_SetCompare2
                0x00000000       0x1c ..\obj\stm32f10x_tim.o
 .text.TIM_SetCompare3
                0x00000000       0x1c ..\obj\stm32f10x_tim.o
 .text.TIM_SetCompare4
                0x00000000       0x20 ..\obj\stm32f10x_tim.o
 .text.TIM_SetIC1Prescaler
                0x00000000       0x38 ..\obj\stm32f10x_tim.o
 .text.TIM_SetIC2Prescaler
                0x00000000       0x40 ..\obj\stm32f10x_tim.o
 .text.TIM_SetIC3Prescaler
                0x00000000       0x38 ..\obj\stm32f10x_tim.o
 .text.TIM_SetIC4Prescaler
                0x00000000       0x40 ..\obj\stm32f10x_tim.o
 .text.TIM_SetClockDivision
                0x00000000       0x38 ..\obj\stm32f10x_tim.o
 .text.TIM_GetCapture1
                0x00000000       0x1c ..\obj\stm32f10x_tim.o
 .text.TIM_GetCapture2
                0x00000000       0x1c ..\obj\stm32f10x_tim.o
 .text.TIM_GetCapture3
                0x00000000       0x1c ..\obj\stm32f10x_tim.o
 .text.TIM_GetCapture4
                0x00000000       0x1c ..\obj\stm32f10x_tim.o
 .text.TIM_GetCounter
                0x00000000       0x1c ..\obj\stm32f10x_tim.o
 .text.TIM_GetPrescaler
                0x00000000       0x1c ..\obj\stm32f10x_tim.o
 .text.TIM_GetFlagStatus
                0x00000000       0x40 ..\obj\stm32f10x_tim.o
 .text.TIM_GetITStatus
                0x00000000       0x64 ..\obj\stm32f10x_tim.o
 .text.TI1_Config
                0x00000000       0xe4 ..\obj\stm32f10x_tim.o
 .text.TI2_Config
                0x00000000      0x100 ..\obj\stm32f10x_tim.o
 .text.TI3_Config
                0x00000000       0xf0 ..\obj\stm32f10x_tim.o
 .text.TI4_Config
                0x00000000      0x108 ..\obj\stm32f10x_tim.o
 .text          0x00000000        0x0 ..\obj\startup_stm32f10x_md_vl.o
 .data          0x00000000        0x0 ..\obj\startup_stm32f10x_md_vl.o
 .bss           0x00000000        0x0 ..\obj\startup_stm32f10x_md_vl.o
 .text          0x00000000        0x0 ..\obj\core_cm3.o
 .data          0x00000000        0x0 ..\obj\core_cm3.o
 .bss           0x00000000        0x0 ..\obj\core_cm3.o
 .text.__get_PSP
                0x00000000       0x10 ..\obj\core_cm3.o
 .text.__set_PSP
                0x00000000        0x8 ..\obj\core_cm3.o
 .text.__get_MSP
                0x00000000       0x10 ..\obj\core_cm3.o
 .text.__set_MSP
                0x00000000        0x8 ..\obj\core_cm3.o
 .text.__get_BASEPRI
                0x00000000       0x20 ..\obj\core_cm3.o
 .text.__set_BASEPRI
                0x00000000       0x18 ..\obj\core_cm3.o
 .text.__get_PRIMASK
                0x00000000       0x20 ..\obj\core_cm3.o
 .text.__set_PRIMASK
                0x00000000       0x18 ..\obj\core_cm3.o
 .text.__get_FAULTMASK
                0x00000000       0x20 ..\obj\core_cm3.o
 .text.__set_FAULTMASK
                0x00000000       0x18 ..\obj\core_cm3.o
 .text.__get_CONTROL
                0x00000000       0x20 ..\obj\core_cm3.o
 .text.__set_CONTROL
                0x00000000       0x18 ..\obj\core_cm3.o
 .text.__REV    0x00000000       0x24 ..\obj\core_cm3.o
 .text.__REV16  0x00000000       0x24 ..\obj\core_cm3.o
 .text.__REVSH  0x00000000       0x24 ..\obj\core_cm3.o
 .text.__RBIT   0x00000000       0x24 ..\obj\core_cm3.o
 .text.__LDREXB
                0x00000000       0x24 ..\obj\core_cm3.o
 .text.__LDREXH
                0x00000000       0x24 ..\obj\core_cm3.o
 .text.__LDREXW
                0x00000000       0x24 ..\obj\core_cm3.o
 .text.__STREXB
                0x00000000       0x2c ..\obj\core_cm3.o
 .text.__STREXH
                0x00000000       0x2c ..\obj\core_cm3.o
 .text.__STREXW
                0x00000000       0x28 ..\obj\core_cm3.o
 .text          0x00000000        0x0 ..\obj\system_stm32f10x.o
 .data          0x00000000       0x14 ..\obj\system_stm32f10x.o
 .bss           0x00000000        0x0 ..\obj\system_stm32f10x.o
 .text.SystemCoreClockUpdate
                0x00000000       0xe4 ..\obj\system_stm32f10x.o
 .text          0x00000000        0x0 ..\obj\stm32f10x_gpio.o
 .data          0x00000000        0x0 ..\obj\stm32f10x_gpio.o
 .bss           0x00000000        0x0 ..\obj\stm32f10x_gpio.o
 .text.GPIO_DeInit
                0x00000000      0x118 ..\obj\stm32f10x_gpio.o
 .text.GPIO_AFIODeInit
                0x00000000       0x20 ..\obj\stm32f10x_gpio.o
 .text.GPIO_StructInit
                0x00000000       0x2c ..\obj\stm32f10x_gpio.o
 .text.GPIO_ReadInputDataBit
                0x00000000       0x3c ..\obj\stm32f10x_gpio.o
 .text.GPIO_ReadInputData
                0x00000000       0x1c ..\obj\stm32f10x_gpio.o
 .text.GPIO_ReadOutputData
                0x00000000       0x1c ..\obj\stm32f10x_gpio.o
 .text.GPIO_SetBits
                0x00000000       0x1c ..\obj\stm32f10x_gpio.o
 .text.GPIO_ResetBits
                0x00000000       0x1c ..\obj\stm32f10x_gpio.o
 .text.GPIO_Write
                0x00000000       0x1c ..\obj\stm32f10x_gpio.o
 .text.GPIO_PinLockConfig
                0x00000000       0x44 ..\obj\stm32f10x_gpio.o
 .text.GPIO_EventOutputConfig
                0x00000000       0x54 ..\obj\stm32f10x_gpio.o
 .text.GPIO_EventOutputCmd
                0x00000000       0x20 ..\obj\stm32f10x_gpio.o
 .text.GPIO_PinRemapConfig
                0x00000000      0x104 ..\obj\stm32f10x_gpio.o
 .text.GPIO_EXTILineConfig
                0x00000000       0x9c ..\obj\stm32f10x_gpio.o
 .text.GPIO_ETH_MediaInterfaceConfig
                0x00000000       0x1c ..\obj\stm32f10x_gpio.o
 .text          0x00000000        0x0 ..\obj\main.o
 .data          0x00000000        0x0 ..\obj\main.o
 .bss           0x00000000        0x0 ..\obj\main.o
 .text          0x00000000        0x0 ..\obj\modbus_slave.o
 .data          0x00000000        0x0 ..\obj\modbus_slave.o
 .bss           0x00000000        0x0 ..\obj\modbus_slave.o
 .text          0x00000000        0x0 ..\obj\stm32f10x_rcc.o
 .bss           0x00000000        0x0 ..\obj\stm32f10x_rcc.o
 .text.RCC_WaitForHSEStartUp
                0x00000000       0x64 ..\obj\stm32f10x_rcc.o
 .text.RCC_AdjustHSICalibrationValue
                0x00000000       0x40 ..\obj\stm32f10x_rcc.o
 .text.RCC_HSICmd
                0x00000000       0x20 ..\obj\stm32f10x_rcc.o
 .text.RCC_PREDIV1Config
                0x00000000       0x48 ..\obj\stm32f10x_rcc.o
 .text.RCC_ITConfig
                0x00000000       0x50 ..\obj\stm32f10x_rcc.o
 .text.RCC_USBCLKConfig
                0x00000000       0x1c ..\obj\stm32f10x_rcc.o
 .text.RCC_LSEConfig
                0x00000000       0x48 ..\obj\stm32f10x_rcc.o
 .text.RCC_LSICmd
                0x00000000       0x20 ..\obj\stm32f10x_rcc.o
 .text.RCC_RTCCLKConfig
                0x00000000       0x24 ..\obj\stm32f10x_rcc.o
 .text.RCC_RTCCLKCmd
                0x00000000       0x20 ..\obj\stm32f10x_rcc.o
 .text.RCC_AHBPeriphClockCmd
                0x00000000       0x44 ..\obj\stm32f10x_rcc.o
 .text.RCC_BackupResetCmd
                0x00000000       0x20 ..\obj\stm32f10x_rcc.o
 .text.RCC_ClockSecuritySystemCmd
                0x00000000       0x20 ..\obj\stm32f10x_rcc.o
 .text.RCC_MCOConfig
                0x00000000       0x20 ..\obj\stm32f10x_rcc.o
 .text.RCC_ClearFlag
                0x00000000       0x1c ..\obj\stm32f10x_rcc.o
 .text.RCC_GetITStatus
                0x00000000       0x40 ..\obj\stm32f10x_rcc.o
 .text.RCC_ClearITPendingBit
                0x00000000       0x20 ..\obj\stm32f10x_rcc.o
 .text          0x00000000        0x0 ..\obj\stm32f10x_usart.o
 .data          0x00000000        0x0 ..\obj\stm32f10x_usart.o
 .bss           0x00000000        0x0 ..\obj\stm32f10x_usart.o
 .text.USART_DeInit
                0x00000000       0xcc ..\obj\stm32f10x_usart.o
 .text.USART_StructInit
                0x00000000       0x44 ..\obj\stm32f10x_usart.o
 .text.USART_ClockInit
                0x00000000       0x60 ..\obj\stm32f10x_usart.o
 .text.USART_ClockStructInit
                0x00000000       0x34 ..\obj\stm32f10x_usart.o
 .text.USART_DMACmd
                0x00000000       0x4c ..\obj\stm32f10x_usart.o
 .text.USART_SetAddress
                0x00000000       0x3c ..\obj\stm32f10x_usart.o
 .text.USART_WakeUpConfig
                0x00000000       0x38 ..\obj\stm32f10x_usart.o
 .text.USART_ReceiverWakeUpCmd
                0x00000000       0x40 ..\obj\stm32f10x_usart.o
 .text.USART_LINBreakDetectLengthConfig
                0x00000000       0x38 ..\obj\stm32f10x_usart.o
 .text.USART_LINCmd
                0x00000000       0x40 ..\obj\stm32f10x_usart.o
 .text.USART_SendBreak
                0x00000000       0x24 ..\obj\stm32f10x_usart.o
 .text.USART_SetGuardTime
                0x00000000       0x40 ..\obj\stm32f10x_usart.o
 .text.USART_SetPrescaler
                0x00000000       0x3c ..\obj\stm32f10x_usart.o
 .text.USART_SmartCardCmd
                0x00000000       0x40 ..\obj\stm32f10x_usart.o
 .text.USART_SmartCardNACKCmd
                0x00000000       0x40 ..\obj\stm32f10x_usart.o
 .text.USART_HalfDuplexCmd
                0x00000000       0x40 ..\obj\stm32f10x_usart.o
 .text.USART_OverSampling8Cmd
                0x00000000       0x48 ..\obj\stm32f10x_usart.o
 .text.USART_OneBitMethodCmd
                0x00000000       0x40 ..\obj\stm32f10x_usart.o
 .text.USART_IrDAConfig
                0x00000000       0x38 ..\obj\stm32f10x_usart.o
 .text.USART_IrDACmd
                0x00000000       0x40 ..\obj\stm32f10x_usart.o
 .text.USART_GetFlagStatus
                0x00000000       0x40 ..\obj\stm32f10x_usart.o
 .text.USART_ClearFlag
                0x00000000       0x24 ..\obj\stm32f10x_usart.o
 .text          0x00000000        0x0 ..\obj\misc.o
 .data          0x00000000        0x0 ..\obj\misc.o
 .bss           0x00000000        0x0 ..\obj\misc.o
 .text.NVIC_PriorityGroupConfig
                0x00000000       0x24 ..\obj\misc.o
 .text.NVIC_SetVectorTable
                0x00000000       0x2c ..\obj\misc.o
 .text.NVIC_SystemLPConfig
                0x00000000       0x44 ..\obj\misc.o
 .text.SysTick_CLKSourceConfig
                0x00000000       0x38 ..\obj\misc.o

Memory Configuration

Name             Origin             Length             Attributes
rom              0x08000000         0x00020000         xr
ram              0x20000000         0x00002000         xrw
*default*        0x00000000         0xffffffff

Linker script and memory map

                0x20002000                _eram = 0x20002000

.text           0x08000000     0x1c44
 *(.isr_vector .isr_vector.*)
 .isr_vector    0x08000000      0x124 ..\obj\startup_stm32f10x_md_vl.o
                0x08000000                g_pfnVectors
 *(.text .text.* .gnu.linkonce.t.*)
 .text.TIM_DeInit
                0x08000124      0x290 ..\obj\stm32f10x_tim.o
                0x08000124                TIM_DeInit
 .text.TIM_TimeBaseInit
                0x080003b4      0x100 ..\obj\stm32f10x_tim.o
                0x080003b4                TIM_TimeBaseInit
 .text.TIM_Cmd  0x080004b4       0x40 ..\obj\stm32f10x_tim.o
                0x080004b4                TIM_Cmd
 .text.TIM_ITConfig
                0x080004f4       0x4c ..\obj\stm32f10x_tim.o
                0x080004f4                TIM_ITConfig
 .text.TIM_ClearFlag
                0x08000540       0x24 ..\obj\stm32f10x_tim.o
                0x08000540                TIM_ClearFlag
 .text.TIM_ClearITPendingBit
                0x08000564       0x24 ..\obj\stm32f10x_tim.o
                0x08000564                TIM_ClearITPendingBit
 .text.Default_Reset_Handler
                0x08000588       0x68 ..\obj\startup_stm32f10x_md_vl.o
                0x08000588                Default_Reset_Handler
                0x08000588                Reset_Handler
 .text.Default_Handler
                0x080005f0        0x8 ..\obj\startup_stm32f10x_md_vl.o
                0x080005f0                EXTI2_IRQHandler
                0x080005f0                DebugMon_Handler
                0x080005f0                TIM1_CC_IRQHandler
                0x080005f0                HardFault_Handler
                0x080005f0                SysTick_Handler
                0x080005f0                PVD_IRQHandler
                0x080005f0                PendSV_Handler
                0x080005f0                NMI_Handler
                0x080005f0                EXTI3_IRQHandler
                0x080005f0                EXTI0_IRQHandler
                0x080005f0                I2C2_EV_IRQHandler
                0x080005f0                TIM1_UP_TIM16_IRQHandler
                0x080005f0                UsageFault_Handler
                0x080005f0                SPI1_IRQHandler
                0x080005f0                TAMPER_IRQHandler
                0x080005f0                TIM6_DAC_IRQHandler
                0x080005f0                DMA1_Channel4_IRQHandler
                0x080005f0                ADC1_IRQHandler
                0x080005f0                RTC_IRQHandler
                0x080005f0                DMA1_Channel7_IRQHandler
                0x080005f0                TIM4_IRQHandler
                0x080005f0                I2C1_EV_IRQHandler
                0x080005f0                DMA1_Channel6_IRQHandler
                0x080005f0                TIM3_IRQHandler
                0x080005f0                RCC_IRQHandler
                0x080005f0                DMA1_Channel1_IRQHandler
                0x080005f0                CEC_IRQHandler
                0x080005f0                EXTI15_10_IRQHandler
                0x080005f0                EXTI9_5_IRQHandler
                0x080005f0                SPI2_IRQHandler
                0x080005f0                MemManage_Handler
                0x080005f0                SVC_Handler
                0x080005f0                DMA1_Channel5_IRQHandler
                0x080005f0                EXTI4_IRQHandler
                0x080005f0                TIM1_TRG_COM_TIM17_IRQHandler
                0x080005f0                DMA1_Channel3_IRQHandler
                0x080005f0                WWDG_IRQHandler
                0x080005f0                TIM2_IRQHandler
                0x080005f0                EXTI1_IRQHandler
                0x080005f0                RTCAlarm_IRQHandler
                0x080005f0                USART2_IRQHandler
                0x080005f0                I2C2_ER_IRQHandler
                0x080005f0                DMA1_Channel2_IRQHandler
                0x080005f0                FLASH_IRQHandler
                0x080005f0                BusFault_Handler
                0x080005f0                USART1_IRQHandler
                0x080005f0                I2C1_ER_IRQHandler
                0x080005f0                TIM1_BRK_TIM15_IRQHandler
 .text.SystemInit
                0x080005f8       0x70 ..\obj\system_stm32f10x.o
                0x080005f8                SystemInit
 .text.SetSysClock
                0x08000668        0xc ..\obj\system_stm32f10x.o
 .text.SetSysClockTo24
                0x08000674       0xdc ..\obj\system_stm32f10x.o
 .text.GPIO_Init
                0x08000750      0x1c0 ..\obj\stm32f10x_gpio.o
                0x08000750                GPIO_Init
 .text.GPIO_ReadOutputDataBit
                0x08000910       0x3c ..\obj\stm32f10x_gpio.o
                0x08000910                GPIO_ReadOutputDataBit
 .text.GPIO_WriteBit
                0x0800094c       0x30 ..\obj\stm32f10x_gpio.o
                0x0800094c                GPIO_WriteBit
 .text.net_tx3  0x0800097c       0xa0 ..\obj\main.o
                0x0800097c                net_tx3
 .text.USART3_IRQHandler
                0x08000a1c      0x100 ..\obj\main.o
                0x08000a1c                USART3_IRQHandler
 .text.TIM7_IRQHandler
                0x08000b1c       0x9c ..\obj\main.o
                0x08000b1c                TIM7_IRQHandler
 .text.main     0x08000bb8       0x4c ..\obj\main.o
                0x08000bb8                main
 .text.SetupClock
                0x08000c04       0x7c ..\obj\main.o
                0x08000c04                SetupClock
 .text.SetupUSART3
                0x08000c80       0xd4 ..\obj\main.o
                0x08000c80                SetupUSART3
 .text.SetupTIM7
                0x08000d54       0x98 ..\obj\main.o
                0x08000d54                SetupTIM7
 .text.SetupGPIO
                0x08000dec       0x6c ..\obj\main.o
                0x08000dec                SetupGPIO
 .text.MODBUS_SLAVE
                0x08000e58      0x160 ..\obj\modbus_slave.o
                0x08000e58                MODBUS_SLAVE
 .text.TX_03_04
                0x08000fb8      0x11c ..\obj\modbus_slave.o
                0x08000fb8                TX_03_04
 .text.TX_06    0x080010d4       0x60 ..\obj\modbus_slave.o
                0x080010d4                TX_06
 .text.TX_EXCEPTION
                0x08001134       0x28 ..\obj\modbus_slave.o
                0x08001134                TX_EXCEPTION
 .text.Crc16    0x0800115c       0x9c ..\obj\modbus_slave.o
                0x0800115c                Crc16
 .text.RCC_DeInit
                0x080011f8       0x64 ..\obj\stm32f10x_rcc.o
                0x080011f8                RCC_DeInit
 .text.RCC_HSEConfig
                0x0800125c       0x5c ..\obj\stm32f10x_rcc.o
                0x0800125c                RCC_HSEConfig
 .text.RCC_PLLConfig
                0x080012b8       0x44 ..\obj\stm32f10x_rcc.o
                0x080012b8                RCC_PLLConfig
 .text.RCC_PLLCmd
                0x080012fc       0x20 ..\obj\stm32f10x_rcc.o
                0x080012fc                RCC_PLLCmd
 .text.RCC_SYSCLKConfig
                0x0800131c       0x3c ..\obj\stm32f10x_rcc.o
                0x0800131c                RCC_SYSCLKConfig
 .text.RCC_GetSYSCLKSource
                0x08001358       0x1c ..\obj\stm32f10x_rcc.o
                0x08001358                RCC_GetSYSCLKSource
 .text.RCC_HCLKConfig
                0x08001374       0x3c ..\obj\stm32f10x_rcc.o
                0x08001374                RCC_HCLKConfig
 .text.RCC_PCLK1Config
                0x080013b0       0x3c ..\obj\stm32f10x_rcc.o
                0x080013b0                RCC_PCLK1Config
 .text.RCC_PCLK2Config
                0x080013ec       0x40 ..\obj\stm32f10x_rcc.o
                0x080013ec                RCC_PCLK2Config
 .text.RCC_ADCCLKConfig
                0x0800142c       0x3c ..\obj\stm32f10x_rcc.o
                0x0800142c                RCC_ADCCLKConfig
 .text.RCC_GetClocksFreq
                0x08001468      0x17c ..\obj\stm32f10x_rcc.o
                0x08001468                RCC_GetClocksFreq
 .text.RCC_APB2PeriphClockCmd
                0x080015e4       0x44 ..\obj\stm32f10x_rcc.o
                0x080015e4                RCC_APB2PeriphClockCmd
 .text.RCC_APB1PeriphClockCmd
                0x08001628       0x44 ..\obj\stm32f10x_rcc.o
                0x08001628                RCC_APB1PeriphClockCmd
 .text.RCC_APB2PeriphResetCmd
                0x0800166c       0x44 ..\obj\stm32f10x_rcc.o
                0x0800166c                RCC_APB2PeriphResetCmd
 .text.RCC_APB1PeriphResetCmd
                0x080016b0       0x44 ..\obj\stm32f10x_rcc.o
                0x080016b0                RCC_APB1PeriphResetCmd
 .text.RCC_GetFlagStatus
                0x080016f4       0x84 ..\obj\stm32f10x_rcc.o
                0x080016f4                RCC_GetFlagStatus
 .text.USART_Init
                0x08001778      0x1b0 ..\obj\stm32f10x_usart.o
                0x08001778                USART_Init
 .text.USART_Cmd
                0x08001928       0x40 ..\obj\stm32f10x_usart.o
                0x08001928                USART_Cmd
 .text.USART_ITConfig
                0x08001968       0xa8 ..\obj\stm32f10x_usart.o
                0x08001968                USART_ITConfig
 .text.USART_SendData
                0x08001a10       0x28 ..\obj\stm32f10x_usart.o
                0x08001a10                USART_SendData
 .text.USART_ReceiveData
                0x08001a38       0x24 ..\obj\stm32f10x_usart.o
                0x08001a38                USART_ReceiveData
 .text.USART_GetITStatus
                0x08001a5c       0xcc ..\obj\stm32f10x_usart.o
                0x08001a5c                USART_GetITStatus
 .text.USART_ClearITPendingBit
                0x08001b28       0x44 ..\obj\stm32f10x_usart.o
                0x08001b28                USART_ClearITPendingBit
 .text.NVIC_Init
                0x08001b6c       0xd8 ..\obj\misc.o
                0x08001b6c                NVIC_Init
 *(.glue_7t)
 .glue_7t       0x00000000        0x0 linker stubs
 *(.glue_7)
 .glue_7        0x00000000        0x0 linker stubs
 *(.rodata .rodata* .gnu.linkonce.r.*)

.vfp11_veneer   0x08001c44        0x0
 .vfp11_veneer  0x00000000        0x0 linker stubs

.v4_bx          0x08001c44        0x0
 .v4_bx         0x00000000        0x0 linker stubs

.ARM.extab
 *(.ARM.extab* .gnu.linkonce.armextab.*)

.ARM.exidx
 *(.ARM.exidx* .gnu.linkonce.armexidx.*)
                0x08001c44                . = ALIGN (0x4)
                0x08001c44                _etext = .
                0x08001c44                _sidata = .

.data           0x20000000       0x14 load address 0x08001c44
                0x20000000                _sdata = .
 *(.data .data.*)
 .data          0x20000000       0x14 ..\obj\stm32f10x_rcc.o
                0x20000014                . = ALIGN (0x4)
                0x20000014                _edata = .

.bss            0x20000014      0x30c load address 0x08001c58
                0x20000014                _sbss = .
 *(.bss .bss.*)
 *(COMMON)
 COMMON         0x20000014      0x30c ..\obj\main.o
                0x20000014                uart1
                0x2000011c                uart3
                0x20000224                res_table
                0x2000031c                SET_PAR
                0x20000320                . = ALIGN (0x4)
                0x20000320                _ebss = .

.co_stack       0x20000320      0x400 load address 0x08001f64
                0x20000320                . = ALIGN (0x8)
 *(.co_stack .co_stack.*)
 .co_stack      0x20000320      0x400 ..\obj\startup_stm32f10x_md_vl.o
                0x20000320                pulStack
                0x20000720                . = ALIGN (0x4)
                0x20000720                _end = .
LOAD ..\obj\stm32f10x_tim.o
LOAD ..\obj\startup_stm32f10x_md_vl.o
LOAD ..\obj\core_cm3.o
LOAD ..\obj\system_stm32f10x.o
LOAD ..\obj\stm32f10x_gpio.o
LOAD ..\obj\main.o
LOAD ..\obj\modbus_slave.o
LOAD ..\obj\stm32f10x_rcc.o
LOAD ..\obj\stm32f10x_usart.o
LOAD ..\obj\misc.o
START GROUP
LOAD c:/coocox/coide/gcc/sourcery g++ lite/bin/../lib/gcc/arm-none-eabi/4.5.2/thumb2\libgcc.a
LOAD c:/coocox/coide/gcc/sourcery g++ lite/bin/../lib/gcc/arm-none-eabi/4.5.2/../../../../arm-none-eabi/lib/thumb2\libc.a
END GROUP
OUTPUT(discovery_modbus.elf elf32-littlearm)

.debug_abbrev   0x00000000      0xd38
 .debug_abbrev  0x00000000      0x174 ..\obj\stm32f10x_tim.o
 .debug_abbrev  0x00000174       0xa5 ..\obj\startup_stm32f10x_md_vl.o
 .debug_abbrev  0x00000219       0xd7 ..\obj\core_cm3.o
 .debug_abbrev  0x000002f0      0x18f ..\obj\system_stm32f10x.o
 .debug_abbrev  0x0000047f      0x1a6 ..\obj\stm32f10x_gpio.o
 .debug_abbrev  0x00000625      0x1cb ..\obj\main.o
 .debug_abbrev  0x000007f0      0x121 ..\obj\modbus_slave.o
 .debug_abbrev  0x00000911      0x193 ..\obj\stm32f10x_rcc.o
 .debug_abbrev  0x00000aa4      0x15d ..\obj\stm32f10x_usart.o
 .debug_abbrev  0x00000c01      0x137 ..\obj\misc.o

.debug_info     0x00000000     0x5707
 .debug_info    0x00000000     0x1e1c ..\obj\stm32f10x_tim.o
 .debug_info    0x00001e1c      0x135 ..\obj\startup_stm32f10x_md_vl.o
 .debug_info    0x00001f51      0x54c ..\obj\core_cm3.o
 .debug_info    0x0000249d      0x432 ..\obj\system_stm32f10x.o
 .debug_info    0x000028cf      0x727 ..\obj\stm32f10x_gpio.o
 .debug_info    0x00002ff6      0xa52 ..\obj\main.o
 .debug_info    0x00003a48      0x38b ..\obj\modbus_slave.o
 .debug_info    0x00003dd3      0x97a ..\obj\stm32f10x_rcc.o
 .debug_info    0x0000474d      0xa70 ..\obj\stm32f10x_usart.o
 .debug_info    0x000051bd      0x54a ..\obj\misc.o

.debug_line     0x00000000     0x2805
 .debug_line    0x00000000      0xaea ..\obj\stm32f10x_tim.o
 .debug_line    0x00000aea       0xab ..\obj\startup_stm32f10x_md_vl.o
 .debug_line    0x00000b95      0x2e0 ..\obj\core_cm3.o
 .debug_line    0x00000e75      0x28c ..\obj\system_stm32f10x.o
 .debug_line    0x00001101      0x40a ..\obj\stm32f10x_gpio.o
 .debug_line    0x0000150b      0x3a7 ..\obj\main.o
 .debug_line    0x000018b2      0x2c6 ..\obj\modbus_slave.o
 .debug_line    0x00001b78      0x51d ..\obj\stm32f10x_rcc.o
 .debug_line    0x00002095      0x4e3 ..\obj\stm32f10x_usart.o
 .debug_line    0x00002578      0x28d ..\obj\misc.o

.debug_macinfo  0x00000000   0x1c75d1
 .debug_macinfo
                0x00000000    0x3b8b9 ..\obj\stm32f10x_tim.o
 .debug_macinfo
                0x0003b8b9     0x223c ..\obj\startup_stm32f10x_md_vl.o
 .debug_macinfo
                0x0003daf5     0x2afc ..\obj\core_cm3.o
 .debug_macinfo
                0x000405f1    0x34c30 ..\obj\system_stm32f10x.o
 .debug_macinfo
                0x00075221    0x391c6 ..\obj\stm32f10x_gpio.o
 .debug_macinfo
                0x000ae3e7    0x3f06f ..\obj\main.o
 .debug_macinfo
                0x000ed456    0x34c42 ..\obj\modbus_slave.o
 .debug_macinfo
                0x00122098    0x37967 ..\obj\stm32f10x_rcc.o
 .debug_macinfo
                0x001599ff    0x38ad6 ..\obj\stm32f10x_usart.o
 .debug_macinfo
                0x001924d5    0x350fc ..\obj\misc.o

.debug_loc      0x00000000     0x2e14
 .debug_loc     0x00000000     0x13e8 ..\obj\stm32f10x_tim.o
 .debug_loc     0x000013e8       0x64 ..\obj\startup_stm32f10x_md_vl.o
 .debug_loc     0x0000144c      0x3f0 ..\obj\core_cm3.o
 .debug_loc     0x0000183c       0xc8 ..\obj\system_stm32f10x.o
 .debug_loc     0x00001904      0x3e4 ..\obj\stm32f10x_gpio.o
 .debug_loc     0x00001ce8      0x190 ..\obj\main.o
 .debug_loc     0x00001e78      0x118 ..\obj\modbus_slave.o
 .debug_loc     0x00001f90      0x714 ..\obj\stm32f10x_rcc.o
 .debug_loc     0x000026a4      0x658 ..\obj\stm32f10x_usart.o
 .debug_loc     0x00002cfc      0x118 ..\obj\misc.o

.debug_pubnames
                0x00000000     0x1285
 .debug_pubnames
                0x00000000      0x7b0 ..\obj\stm32f10x_tim.o
 .debug_pubnames
                0x000007b0       0x4a ..\obj\startup_stm32f10x_md_vl.o
 .debug_pubnames
                0x000007fa      0x159 ..\obj\core_cm3.o
 .debug_pubnames
                0x00000953       0x61 ..\obj\system_stm32f10x.o
 .debug_pubnames
                0x000009b4      0x19d ..\obj\stm32f10x_gpio.o
 .debug_pubnames
                0x00000b51       0xba ..\obj\main.o
 .debug_pubnames
                0x00000c0b       0x83 ..\obj\modbus_slave.o
 .debug_pubnames
                0x00000c8e      0x2da ..\obj\stm32f10x_rcc.o
 .debug_pubnames
                0x00000f68      0x294 ..\obj\stm32f10x_usart.o
 .debug_pubnames
                0x000011fc       0x89 ..\obj\misc.o

.debug_pubtypes
                0x00000000      0x5ab
 .debug_pubtypes
                0x00000000       0xd8 ..\obj\stm32f10x_tim.o
 .debug_pubtypes
                0x000000d8       0x50 ..\obj\core_cm3.o
 .debug_pubtypes
                0x00000128       0x55 ..\obj\system_stm32f10x.o
 .debug_pubtypes
                0x0000017d       0xc3 ..\obj\stm32f10x_gpio.o
 .debug_pubtypes
                0x00000240      0x134 ..\obj\main.o
 .debug_pubtypes
                0x00000374       0x50 ..\obj\modbus_slave.o
 .debug_pubtypes
                0x000003c4       0x9e ..\obj\stm32f10x_rcc.o
 .debug_pubtypes
                0x00000462       0xc9 ..\obj\stm32f10x_usart.o
 .debug_pubtypes
                0x0000052b       0x80 ..\obj\misc.o

.debug_aranges  0x00000000      0x7b8
 .debug_aranges
                0x00000000      0x2f0 ..\obj\stm32f10x_tim.o
 .debug_aranges
                0x000002f0       0x28 ..\obj\startup_stm32f10x_md_vl.o
 .debug_aranges
                0x00000318       0xc8 ..\obj\core_cm3.o
 .debug_aranges
                0x000003e0       0x38 ..\obj\system_stm32f10x.o
 .debug_aranges
                0x00000418       0xa8 ..\obj\stm32f10x_gpio.o
 .debug_aranges
                0x000004c0       0x58 ..\obj\main.o
 .debug_aranges
                0x00000518       0x40 ..\obj\modbus_slave.o
 .debug_aranges
                0x00000558      0x120 ..\obj\stm32f10x_rcc.o
 .debug_aranges
                0x00000678      0x100 ..\obj\stm32f10x_usart.o
 .debug_aranges
                0x00000778       0x40 ..\obj\misc.o

.debug_ranges   0x00000000      0x718
 .debug_ranges  0x00000000      0x2e0 ..\obj\stm32f10x_tim.o
 .debug_ranges  0x000002e0       0x18 ..\obj\startup_stm32f10x_md_vl.o
 .debug_ranges  0x000002f8       0xb8 ..\obj\core_cm3.o
 .debug_ranges  0x000003b0       0x28 ..\obj\system_stm32f10x.o
 .debug_ranges  0x000003d8       0x98 ..\obj\stm32f10x_gpio.o
 .debug_ranges  0x00000470       0x48 ..\obj\main.o
 .debug_ranges  0x000004b8       0x30 ..\obj\modbus_slave.o
 .debug_ranges  0x000004e8      0x110 ..\obj\stm32f10x_rcc.o
 .debug_ranges  0x000005f8       0xf0 ..\obj\stm32f10x_usart.o
 .debug_ranges  0x000006e8       0x30 ..\obj\misc.o

.debug_str      0x00000000     0x2271
 .debug_str     0x00000000      0xc9f ..\obj\stm32f10x_tim.o
                                0xd40 (size before relaxing)
 .debug_str     0x00000c9f       0xb9 ..\obj\startup_stm32f10x_md_vl.o
                                 0xe4 (size before relaxing)
 .debug_str     0x00000d58      0x175 ..\obj\core_cm3.o
                                0x22f (size before relaxing)
 .debug_str     0x00000ecd      0x162 ..\obj\system_stm32f10x.o
                                0x237 (size before relaxing)
 .debug_str     0x0000102f      0x384 ..\obj\stm32f10x_gpio.o
                                0x47c (size before relaxing)
 .debug_str     0x000013b3      0x4e3 ..\obj\main.o
                                0x882 (size before relaxing)
 .debug_str     0x00001896       0xaa ..\obj\modbus_slave.o
                                0x1da (size before relaxing)
 .debug_str     0x00001940      0x423 ..\obj\stm32f10x_rcc.o
                                0x5d0 (size before relaxing)
 .debug_str     0x00001d63      0x3af ..\obj\stm32f10x_usart.o
                                0x5f3 (size before relaxing)
 .debug_str     0x00002112      0x15f ..\obj\misc.o
                                0x326 (size before relaxing)

.comment        0x00000000       0x2a
 .comment       0x00000000       0x2a ..\obj\stm32f10x_tim.o
                                 0x2b (size before relaxing)
 .comment       0x00000000       0x2b ..\obj\startup_stm32f10x_md_vl.o
 .comment       0x00000000       0x2b ..\obj\core_cm3.o
 .comment       0x00000000       0x2b ..\obj\system_stm32f10x.o
 .comment       0x00000000       0x2b ..\obj\stm32f10x_gpio.o
 .comment       0x00000000       0x2b ..\obj\main.o
 .comment       0x00000000       0x2b ..\obj\modbus_slave.o
 .comment       0x00000000       0x2b ..\obj\stm32f10x_rcc.o
 .comment       0x00000000       0x2b ..\obj\stm32f10x_usart.o
 .comment       0x00000000       0x2b ..\obj\misc.o

.ARM.attributes
                0x00000000       0x31
 .ARM.attributes
                0x00000000       0x31 ..\obj\stm32f10x_tim.o
 .ARM.attributes
                0x00000031       0x31 ..\obj\startup_stm32f10x_md_vl.o
 .ARM.attributes
                0x00000062       0x31 ..\obj\core_cm3.o
 .ARM.attributes
                0x00000093       0x31 ..\obj\system_stm32f10x.o
 .ARM.attributes
                0x000000c4       0x31 ..\obj\stm32f10x_gpio.o
 .ARM.attributes
                0x000000f5       0x31 ..\obj\main.o
 .ARM.attributes
                0x00000126       0x31 ..\obj\modbus_slave.o
 .ARM.attributes
                0x00000157       0x31 ..\obj\stm32f10x_rcc.o
 .ARM.attributes
                0x00000188       0x31 ..\obj\stm32f10x_usart.o
 .ARM.attributes
                0x000001b9       0x31 ..\obj\misc.o

.debug_frame    0x00000000     0x18a8
 .debug_frame   0x00000000      0xa20 ..\obj\stm32f10x_tim.o
 .debug_frame   0x00000a20       0x48 ..\obj\startup_stm32f10x_md_vl.o
 .debug_frame   0x00000a68      0x280 ..\obj\core_cm3.o
 .debug_frame   0x00000ce8       0x80 ..\obj\system_stm32f10x.o
 .debug_frame   0x00000d68      0x210 ..\obj\stm32f10x_gpio.o
 .debug_frame   0x00000f78      0x104 ..\obj\main.o
 .debug_frame   0x0000107c       0xa8 ..\obj\modbus_slave.o
 .debug_frame   0x00001124      0x3a4 ..\obj\stm32f10x_rcc.o
 .debug_frame   0x000014c8      0x344 ..\obj\stm32f10x_usart.o
 .debug_frame   0x0000180c       0x9c ..\obj\misc.o
